// Jest Snapshot v1, https://goo.gl/fbAQLP

exports[`inputObject builds creates an inputObject type 1`] = `
Object {
  "data": Object {
    "user": Object {
      "id": "User:1",
    },
  },
}
`;

exports[`inputObject has asArg for using one-off inputObjects inline 1`] = `
Object {
  "data": Object {
    "user": Object {
      "id": "User:1",
    },
  },
}
`;
